Loaded Program: [592] code | [16] data | [0] bss
System Call: [0] invoked Fork
Process [0] Fork: start at address [0xf0] with [13] pages memory
System Call: [0] invoked Yield
System Call: [1] invoked Exit
Process [1] exits with status [100]
System Call: [0] invoked Yield
System Call: [0] invoked Fork
Process [0] Fork: start at address [0xf0] with [13] pages memory
System Call: [0] invoked Yield
System Call: [1] invoked Exit
Process [1] exits with status [100]
System Call: [0] invoked Yield
System Call: [0] invoked Fork
Process [0] Fork: start at address [0xf0] with [13] pages memory
System Call: [0] invoked Yield
System Call: [1] invoked Exit
Process [1] exits with status [100]
System Call: [0] invoked Yield
System Call: [0] invoked Exit
Process [0] exits with status [4]
No threads ready or runnable, and no pending interrupts.
Assuming the program completed.
Machine halting!

Ticks: total 5078, idle 0, system 140, user 4938
Disk I/O: reads 0, writes 0
Console I/O: reads 0, writes 0
Paging: faults 0
Network I/O: packets received 0, sent 0

Cleaning up...
