Loaded Program: [1040] code | [0] data | [10800] bss [101]numPages
L [0]: [0] -> [0]
L [0]: [1] -> [1]
L [0]: [100] -> [2]
L [0]: [2] -> [3]
L [0]: [3] -> [4]
L [0]: [8] -> [5]
L [0]: [36] -> [6]
L [0]: [4] -> [7]
L [0]: [64] -> [8]
L [0]: [65] -> [9]
L [0]: [37] -> [10]
L [0]: [9] -> [11]
L [0]: [66] -> [12]
L [0]: [38] -> [13]
L [0]: [10] -> [14]
L [0]: [67] -> [15]
L [0]: [39] -> [16]
L [0]: [11] -> [17]
L [0]: [68] -> [18]
L [0]: [40] -> [19]
L [0]: [12] -> [20]
L [0]: [69] -> [21]
L [0]: [41] -> [22]
L [0]: [13] -> [23]
L [0]: [70] -> [24]
L [0]: [42] -> [25]
L [0]: [14] -> [26]
L [0]: [71] -> [27]
L [0]: [43] -> [28]
L [0]: [15] -> [29]
L [0]: [72] -> [30]
L [0]: [44] -> [31]
E [0]: [0]
L [0]: [16] -> [0]
E [0]: [1]
L [0]: [73] -> [1]
S [0]: [2]
L [0]: [45] -> [2]
E [0]: [3]
L [0]: [100] -> [3]
E [0]: [4]
L [0]: [2] -> [4]
S [0]: [5]
L [0]: [3] -> [5]
S [0]: [6]
L [0]: [17] -> [6]
E [0]: [7]
L [0]: [74] -> [7]
S [0]: [8]
L [0]: [4] -> [8]
S [0]: [9]
L [0]: [46] -> [9]
S [0]: [10]
L [0]: [18] -> [10]
S [0]: [11]
L [0]: [75] -> [11]
S [0]: [12]
L [0]: [47] -> [12]
S [0]: [13]
L [0]: [19] -> [13]
S [0]: [14]
L [0]: [76] -> [14]
S [0]: [15]
L [0]: [48] -> [15]
S [0]: [16]
L [0]: [20] -> [16]
S [0]: [17]
L [0]: [77] -> [17]
S [0]: [18]
L [0]: [49] -> [18]
S [0]: [19]
L [0]: [21] -> [19]
S [0]: [20]
L [0]: [78] -> [20]
S [0]: [21]
L [0]: [50] -> [21]
S [0]: [22]
L [0]: [22] -> [22]
S [0]: [23]
L [0]: [79] -> [23]
S [0]: [24]
L [0]: [51] -> [24]
S [0]: [25]
L [0]: [23] -> [25]
S [0]: [26]
L [0]: [80] -> [26]
S [0]: [27]
L [0]: [52] -> [27]
S [0]: [28]
L [0]: [24] -> [28]
S [0]: [29]
L [0]: [81] -> [29]
S [0]: [30]
L [0]: [53] -> [30]
S [0]: [31]
L [0]: [25] -> [31]
S [0]: [0]
L [0]: [82] -> [0]
S [0]: [1]
L [0]: [54] -> [1]
S [0]: [2]
L [0]: [26] -> [2]
S [0]: [3]
L [0]: [83] -> [3]
E [0]: [4]
L [0]: [100] -> [4]
E [0]: [5]
L [0]: [2] -> [5]
S [0]: [6]
L [0]: [3] -> [6]
S [0]: [7]
L [0]: [55] -> [7]
E [0]: [8]
L [0]: [27] -> [8]
S [0]: [9]
L [0]: [4] -> [9]
S [0]: [10]
L [0]: [84] -> [10]
S [0]: [11]
L [0]: [56] -> [11]
S [0]: [12]
L [0]: [28] -> [12]
S [0]: [13]
L [0]: [85] -> [13]
S [0]: [14]
L [0]: [57] -> [14]
S [0]: [15]
L [0]: [29] -> [15]
S [0]: [16]
L [0]: [86] -> [16]
S [0]: [17]
L [0]: [58] -> [17]
S [0]: [18]
L [0]: [30] -> [18]
S [0]: [19]
L [0]: [87] -> [19]
S [0]: [20]
L [0]: [59] -> [20]
S [0]: [21]
L [0]: [31] -> [21]
S [0]: [22]
L [0]: [88] -> [22]
S [0]: [23]
L [0]: [60] -> [23]
S [0]: [24]
L [0]: [32] -> [24]
S [0]: [25]
L [0]: [89] -> [25]
S [0]: [26]
L [0]: [61] -> [26]
S [0]: [27]
L [0]: [33] -> [27]
S [0]: [28]
L [0]: [90] -> [28]
S [0]: [29]
L [0]: [62] -> [29]
S [0]: [30]
L [0]: [34] -> [30]
S [0]: [31]
L [0]: [91] -> [31]
S [0]: [0]
L [0]: [63] -> [0]
S [0]: [1]
L [0]: [35] -> [1]
S [0]: [2]
L [0]: [92] -> [2]
S [0]: [3]
L [0]: [64] -> [3]
S [0]: [4]
L [0]: [36] -> [4]
E [0]: [5]
L [0]: [100] -> [5]
E [0]: [6]
L [0]: [2] -> [6]
S [0]: [7]
L [0]: [3] -> [7]
S [0]: [8]
L [0]: [0] -> [8]
System Call: [0] invoked Exit
Process [0] exits with [0]
No threads ready or runnable, and no pending interrupts.
Assuming the program completed.
Machine halting!

Ticks: total 53815, idle 0, system 20, user 53795
Disk I/O: reads 0, writes 0
Console I/O: reads 0, writes 0
Paging: faults 105
Network I/O: packets received 0, sent 0

Cleaning up...
