Loaded Program: [336] code | [32] data | [0] bss
System Call: [0] invoked [Exit]
Process [0] exits with [1]
Machine halting!

Ticks: total 32, idle 0, system 20, user 12
Disk I/O: reads 0, writes 0
Console I/O: reads 0, writes 0
Paging: faults 0
Network I/O: packets received 0, sent 0

Cleaning up...
