Loaded Program: [672] code | [16] data | [0] bss
System Call: [0] invoked Fork
Process [0] Fork: start at address [0x17c] with [14] pages memory
System Call: [0] invoked Yield
System Call: [1] invoked Exit
Process [1] exits with status [1]
System Call: [0] invoked Fork
Process [0] Fork: start at address [0xf0] with [14] pages memory
System Call: [0] invoked Yield
System Call: [1] invoked Yield
System Call: [0] invoked Fork
Not Enough Memory for Child Process 2
System Call: [0] invoked Yield
System Call: [1] invoked Exit
Process [1] exits with status [102]
System Call: [0] invoked Join.
System Call: [0] invoked Join.
System Call: [0] invoked Join.
System Call: [0] invoked Exit
Process [0] exits with status [3]
No threads ready or runnable, and no pending interrupts.
Assuming the program completed.
Machine halting!

Ticks: total 1836, idle 0, system 110, user 1726
Disk I/O: reads 0, writes 0
Console I/O: reads 0, writes 0
Paging: faults 0
Network I/O: packets received 0, sent 0

Cleaning up...
